[
  {
    "id": "a.bar",
    "text": "bar",
    "leaf": 1,
    "expandable": 0,
    "allowChildren": 0
  },
  {
    "id": "a.bar",
    "text": "bar",
    "leaf": 0,
    "expandable": 1,
    "allowChildren": 1
  },
  {
    "id": "a.biz",
    "text": "biz",
    "leaf": 1,
    "expandable": 0,
    "allowChildren": 0
  },
  {
    "id": "a.biz",
    "text": "biz",
    "leaf": 0,
    "expandable": 1,
    "allowChildren": 1
  },
  {
    "id": "a.bag",
    "text": "bag",
    "leaf": 1,
    "expandable": 0,
    "allowChildren": 0
  }
]
