[
  {
    "id": "a.b*.caw.daz",
    "text": "daz",
    "leaf": 1,
    "expandable": 0,
    "allowChildren": 0
  }
]
