[
    {
      "id": "c:bar",
      "text": "c:bar",
      "leaf": 0,
      "expandable": 1,
      "allowChildren": 1
    }
  ]
  