[
    {
      "id": "c:bar.c:baz",
      "text": "c:baz",
      "leaf": 1,
      "expandable": 0,
      "allowChildren": 0
    }
  ]
  