[
  {
    "id": "d.bar.baz",
    "text": "baz",
    "leaf": 1,
    "expandable": 0,
    "allowChildren": 0
  }
]
