[
  {
    "id": "h.bar_baz",
    "text": "bar_baz",
    "leaf": 1,
    "expandable": 0,
    "allowChildren": 0
  }
]
